C51 COMPILER V9.55   INFRACSONIC                                                           05/27/2016 20:53:53 PAGE 1   


C51 COMPILER V9.55, COMPILATION OF MODULE INFRACSONIC
OBJECT MODULE PLACED IN .\Objects\infracsonic.obj
COMPILER INVOKED BY: E:\Keil_v5\C51\BIN\C51.EXE src\infracsonic.c LARGE OPTIMIZE(8,SPEED) BROWSE INCDIR(.\inc) DEBUG OBJ
                    -ECTEXTEND PRINT(.\Listings\infracsonic.lst) TABS(2) OBJECT(.\Objects\infracsonic.obj)

line level    source

   1          #include "infracsonic.h"
   2          
   3          void InitTimer1()
   4          {
   5   1        AUXR &= 0xBF;  //设置为12分频
   6   1        TMOD &= 0x0F;   //设置定时器模式
   7   1        TMOD |= 0x10;   //设置定时器模式
   8   1        TF1 = 0;    //清除TF1标志
   9   1        TR1 = 0;
  10   1      }
  11          
  12          //double distance()
  13          //{ 
  14          //  double distmp = 0;  
  15          //  uint tmp = 0,overflow = 0;//计算溢出次数
  16          //  TL1 = 0x00;   //设置定时初值
  17          //  TH1 = 0x00;   //设置定时初值
  18          //  TRIG=1; 
  19          //  Delay10us();
  20          //  Delay10us();
  21          //  TRIG=0;
  22          //  while(ECHO==0);
  23          //  TR1=1;    
  24          //  while(ECHO==1)
  25          //  {
  26          //    tmp = TH1;
  27          //    while(TH1 == tmp );
  28          //      if(tmp > TH1)
  29          //    {
  30          //      overflow++;
  31          //    }
  32          //  } 
  33          //  TR1=0;
  34          //  distmp= (overflow+(TH1*256+TL1)/(double)65535) * consume* 340.0 /2 * 100; 
  35          //  //distmp = overflow+(TH1*256+TL1);
  36          //  return distmp;
  37          //}
  38          
  39          double distance() 
  40          {
  41   1      
  42   1       double distemp=0;
  43   1       
  44   1      
  45   1         TRIG = 1;
  46   1         Delay10us();
  47   1        Delay10us();
  48   1         TRIG = 0;
  49   1         while(ECHO==0);
  50   1         TR1 = 1; //开定时器
  51   1         
  52   1        while(ECHO==1);
  53   1          TR1=0;
  54   1        
C51 COMPILER V9.55   INFRACSONIC                                                           05/27/2016 20:53:53 PAGE 2   

  55   1      
  56   1        distemp= ((TH1*256+TL1)*1.08) *  340.0 /2 /10000; 
  57   1      //  printf("TL0 IS %bd",TL1);
  58   1      //  printf("TH0 IS %bd",TH1);
  59   1        TH1 = 0;
  60   1        TL1 = 0;
  61   1        return distemp;
  62   1      }


MODULE INFORMATION:   STATIC OVERLAYABLE
   CODE SIZE        =    119    ----
   CONSTANT SIZE    =   ----    ----
   XDATA SIZE       =   ----       4
   PDATA SIZE       =   ----    ----
   DATA SIZE        =   ----    ----
   IDATA SIZE       =   ----    ----
   BIT SIZE         =   ----    ----
END OF MODULE INFORMATION.


C51 COMPILATION COMPLETE.  0 WARNING(S),  0 ERROR(S)
